running egg_info
writing ../../build/zero_shot_navigation/zero_shot_navigation.egg-info/PKG-INFO
writing dependency_links to ../../build/zero_shot_navigation/zero_shot_navigation.egg-info/dependency_links.txt
writing entry points to ../../build/zero_shot_navigation/zero_shot_navigation.egg-info/entry_points.txt
writing requirements to ../../build/zero_shot_navigation/zero_shot_navigation.egg-info/requires.txt
writing top-level names to ../../build/zero_shot_navigation/zero_shot_navigation.egg-info/top_level.txt
reading manifest file '../../build/zero_shot_navigation/zero_shot_navigation.egg-info/SOURCES.txt'
writing manifest file '../../build/zero_shot_navigation/zero_shot_navigation.egg-info/SOURCES.txt'
running build
running build_py
copying zero_shot_navigation/zero_shot_planner.py -> /home/mango/Earthrover/earth-rovers-sdk/examples/ros2/zero_shot_ws/build/zero_shot_navigation/build/lib/zero_shot_navigation
running install
running install_lib
copying /home/mango/Earthrover/earth-rovers-sdk/examples/ros2/zero_shot_ws/build/zero_shot_navigation/build/lib/zero_shot_navigation/zero_shot_planner.py -> /home/mango/Earthrover/earth-rovers-sdk/examples/ros2/zero_shot_ws/install/zero_shot_navigation/lib/python3.12/site-packages/zero_shot_navigation
byte-compiling /home/mango/Earthrover/earth-rovers-sdk/examples/ros2/zero_shot_ws/install/zero_shot_navigation/lib/python3.12/site-packages/zero_shot_navigation/zero_shot_planner.py to zero_shot_planner.cpython-312.pyc
running install_data
running install_egg_info
removing '/home/mango/Earthrover/earth-rovers-sdk/examples/ros2/zero_shot_ws/install/zero_shot_navigation/lib/python3.12/site-packages/zero_shot_navigation-0.0.0-py3.12.egg-info' (and everything under it)
Copying ../../build/zero_shot_navigation/zero_shot_navigation.egg-info to /home/mango/Earthrover/earth-rovers-sdk/examples/ros2/zero_shot_ws/install/zero_shot_navigation/lib/python3.12/site-packages/zero_shot_navigation-0.0.0-py3.12.egg-info
running install_scripts
Installing zero_shot_perception script to /home/mango/Earthrover/earth-rovers-sdk/examples/ros2/zero_shot_ws/install/zero_shot_navigation/lib/zero_shot_navigation
Installing zero_shot_planner script to /home/mango/Earthrover/earth-rovers-sdk/examples/ros2/zero_shot_ws/install/zero_shot_navigation/lib/zero_shot_navigation
writing list of installed files to '/home/mango/Earthrover/earth-rovers-sdk/examples/ros2/zero_shot_ws/build/zero_shot_navigation/install.log'
