[0.799s] Invoking command in '/home/mango/Earthrover/earth-rovers-sdk/examples/ros2/zero_shot_ws/src/zero_shot_navigation': CONDA_PROMPT_MODIFIER=(base) DEBUGINFOD_URLS=https://debuginfod.ubuntu.com PYTHONPATH=/home/mango/Earthrover/earth-rovers-sdk/examples/ros2/zero_shot_ws/build/zero_shot_navigation/prefix_override:/usr/lib/python3/dist-packages/colcon_core/task/python/colcon_distutils_commands:/home/mango/Earthrover/earth-rovers-sdk/examples/ros2/zero_shot_ws/install/zero_shot_navigation/lib/python3.12/site-packages:${PYTHONPATH} /usr/bin/python3 -W ignore:setup.py install is deprecated -W ignore:easy_install command is deprecated setup.py egg_info --egg-base ../../build/zero_shot_navigation build --build-base /home/mango/Earthrover/earth-rovers-sdk/examples/ros2/zero_shot_ws/build/zero_shot_navigation/build install --record /home/mango/Earthrover/earth-rovers-sdk/examples/ros2/zero_shot_ws/build/zero_shot_navigation/install.log --install-scripts $base/lib/zero_shot_navigation --single-version-externally-managed install_data
[1.118s] running egg_info
[1.145s] writing ../../build/zero_shot_navigation/zero_shot_navigation.egg-info/PKG-INFO
[1.146s] writing dependency_links to ../../build/zero_shot_navigation/zero_shot_navigation.egg-info/dependency_links.txt
[1.147s] writing entry points to ../../build/zero_shot_navigation/zero_shot_navigation.egg-info/entry_points.txt
[1.147s] writing requirements to ../../build/zero_shot_navigation/zero_shot_navigation.egg-info/requires.txt
[1.147s] writing top-level names to ../../build/zero_shot_navigation/zero_shot_navigation.egg-info/top_level.txt
[1.202s] reading manifest file '../../build/zero_shot_navigation/zero_shot_navigation.egg-info/SOURCES.txt'
[1.203s] writing manifest file '../../build/zero_shot_navigation/zero_shot_navigation.egg-info/SOURCES.txt'
[1.204s] running build
[1.204s] running build_py
[1.204s] running install
[1.209s] running install_lib
[1.241s] running install_data
[1.241s] copying launch/zero_shot_nav.launch.py -> /home/mango/Earthrover/earth-rovers-sdk/examples/ros2/zero_shot_ws/install/zero_shot_navigation/share/zero_shot_navigation/launch
[1.242s] running install_egg_info
[1.266s] removing '/home/mango/Earthrover/earth-rovers-sdk/examples/ros2/zero_shot_ws/install/zero_shot_navigation/lib/python3.12/site-packages/zero_shot_navigation-0.0.0-py3.12.egg-info' (and everything under it)
[1.266s] Copying ../../build/zero_shot_navigation/zero_shot_navigation.egg-info to /home/mango/Earthrover/earth-rovers-sdk/examples/ros2/zero_shot_ws/install/zero_shot_navigation/lib/python3.12/site-packages/zero_shot_navigation-0.0.0-py3.12.egg-info
[1.267s] running install_scripts
[1.307s] Installing zero_shot_perception script to /home/mango/Earthrover/earth-rovers-sdk/examples/ros2/zero_shot_ws/install/zero_shot_navigation/lib/zero_shot_navigation
[1.308s] writing list of installed files to '/home/mango/Earthrover/earth-rovers-sdk/examples/ros2/zero_shot_ws/build/zero_shot_navigation/install.log'
[1.342s] Invoked command in '/home/mango/Earthrover/earth-rovers-sdk/examples/ros2/zero_shot_ws/src/zero_shot_navigation' returned '0': CONDA_PROMPT_MODIFIER=(base) DEBUGINFOD_URLS=https://debuginfod.ubuntu.com PYTHONPATH=/home/mango/Earthrover/earth-rovers-sdk/examples/ros2/zero_shot_ws/build/zero_shot_navigation/prefix_override:/usr/lib/python3/dist-packages/colcon_core/task/python/colcon_distutils_commands:/home/mango/Earthrover/earth-rovers-sdk/examples/ros2/zero_shot_ws/install/zero_shot_navigation/lib/python3.12/site-packages:${PYTHONPATH} /usr/bin/python3 -W ignore:setup.py install is deprecated -W ignore:easy_install command is deprecated setup.py egg_info --egg-base ../../build/zero_shot_navigation build --build-base /home/mango/Earthrover/earth-rovers-sdk/examples/ros2/zero_shot_ws/build/zero_shot_navigation/build install --record /home/mango/Earthrover/earth-rovers-sdk/examples/ros2/zero_shot_ws/build/zero_shot_navigation/install.log --install-scripts $base/lib/zero_shot_navigation --single-version-externally-managed install_data
